<!-- default property gets stripped -->
<interface>
  <object class="CtkWindow">
  </object>
</interface>
