<!-- non-canonical property name works -->
<interface>
  <object class="CtkWindow">
  </object>
</interface>
