<!-- placeholders are stripped -->
<interface>
  <object class="CtkWindow">
    <child>
      <object class="CtkBox">
      </object>
    </child>
  </object>
</interface>
