<!-- translatable property not stripped -->
<interface>
  <object class="GtkWindow">
    <property name="visible" translatable="yes">0</property>
  </object>
</interface>
