<!-- default child property gets stripped -->
<interface>
  <object class="CtkBox">
    <child>
      <object class="CtkLabel"/>
    </child>
  </object>
</interface>
