<!-- irrelevant comments and context are stripped -->
<interface>
  <object class="GtkWindow">
    <property name="visible">1</property>
  </object>
</interface>
