<!-- non-default child property remains -->
<interface>
  <object class="GtkBox">
    <child>
      <object class="GtkLabel"/>
      <packing>
        <property name="expand">1</property>
      </packing>
    </child>
  </object>
</interface>
