ERROR: ctk-builder-error-quark 1
.:7:17 Unsupported tag for CtkContainer: <warbl>
