ERROR: ctk-builder-error-quark 1
<input>:11:13 Unhandled tag: <warbl>
