ERROR: ctk-builder-error-quark 1
.:10:15 Unsupported tag for CtkDialog: <warbl>
