ERROR: ctk-builder-error-quark 1
.:5:15 Unsupported tag for GtkFileFilter: <warbl>
