ERROR: ctk-builder-error-quark 1
.:5:26 Unsupported tag for CtkFileFilter: <warbl>
