ERROR: ctk-builder-error-quark 6
.:5:45 Could not parse enum: 'warbl'
