ERROR: ctk-builder-error-quark 1
.:5:13 Unsupported tag for CtkScale: <foo>
