ERROR: ctk-builder-error-quark 1
<input>:4:11 Unhandled tag: <style>
