ERROR: ctk-builder-error-quark 1
<input>:3:43 Unhandled tag: <random>
